Archive member included to satisfy reference by file (symbol)

../Middlewares/Third_Party/ARM_CMSIS/CMSIS/DSP/Lib/GCC\libarm_cortexM4lf_math.a(arm_sin_f32.o)
                              ./Core/Src/main.o (arm_sin_f32)
../Middlewares/Third_Party/ARM_CMSIS/CMSIS/DSP/Lib/GCC\libarm_cortexM4lf_math.a(arm_common_tables.o)
                              ../Middlewares/Third_Party/ARM_CMSIS/CMSIS/DSP/Lib/GCC\libarm_cortexM4lf_math.a(arm_sin_f32.o) (sinTable_f32)
D:/Korn/STM32/CubeIDE_Main/STM32CubeIDE_2.0.0/STM32CubeIDE/plugins/com.st.stm32cube.ide.mcu.externaltools.gnu-tools-for-stm32.13.3.rel1.win32_1.0.100.202509120712/tools/bin/../lib/gcc/arm-none-eabi/13.3.1/../../../../arm-none-eabi/lib/thumb/v7e-m+fp/hard\libc_nano.a(libc_a-exit.o)
                              D:/Korn/STM32/CubeIDE_Main/STM32CubeIDE_2.0.0/STM32CubeIDE/plugins/com.st.stm32cube.ide.mcu.externaltools.gnu-tools-for-stm32.13.3.rel1.win32_1.0.100.202509120712/tools/bin/../lib/gcc/arm-none-eabi/13.3.1/../../../../arm-none-eabi/lib/thumb/v7e-m+fp/hard/crt0.o (exit)
D:/Korn/STM32/CubeIDE_Main/STM32CubeIDE_2.0.0/STM32CubeIDE/plugins/com.st.stm32cube.ide.mcu.externaltools.gnu-tools-for-stm32.13.3.rel1.win32_1.0.100.202509120712/tools/bin/../lib/gcc/arm-none-eabi/13.3.1/../../../../arm-none-eabi/lib/thumb/v7e-m+fp/hard\libc_nano.a(libc_a-findfp.o)
                              D:/Korn/STM32/CubeIDE_Main/STM32CubeIDE_2.0.0/STM32CubeIDE/plugins/com.st.stm32cube.ide.mcu.externaltools.gnu-tools-for-stm32.13.3.rel1.win32_1.0.100.202509120712/tools/bin/../lib/gcc/arm-none-eabi/13.3.1/../../../../arm-none-eabi/lib/thumb/v7e-m+fp/hard\libc_nano.a(libc_a-exit.o) (__stdio_exit_handler)
D:/Korn/STM32/CubeIDE_Main/STM32CubeIDE_2.0.0/STM32CubeIDE/plugins/com.st.stm32cube.ide.mcu.externaltools.gnu-tools-for-stm32.13.3.rel1.win32_1.0.100.202509120712/tools/bin/../lib/gcc/arm-none-eabi/13.3.1/../../../../arm-none-eabi/lib/thumb/v7e-m+fp/hard\libc_nano.a(libc_a-fwalk.o)
                              D:/Korn/STM32/CubeIDE_Main/STM32CubeIDE_2.0.0/STM32CubeIDE/plugins/com.st.stm32cube.ide.mcu.externaltools.gnu-tools-for-stm32.13.3.rel1.win32_1.0.100.202509120712/tools/bin/../lib/gcc/arm-none-eabi/13.3.1/../../../../arm-none-eabi/lib/thumb/v7e-m+fp/hard\libc_nano.a(libc_a-findfp.o) (_fwalk_sglue)
D:/Korn/STM32/CubeIDE_Main/STM32CubeIDE_2.0.0/STM32CubeIDE/plugins/com.st.stm32cube.ide.mcu.externaltools.gnu-tools-for-stm32.13.3.rel1.win32_1.0.100.202509120712/tools/bin/../lib/gcc/arm-none-eabi/13.3.1/../../../../arm-none-eabi/lib/thumb/v7e-m+fp/hard\libc_nano.a(libc_a-stdio.o)
                              D:/Korn/STM32/CubeIDE_Main/STM32CubeIDE_2.0.0/STM32CubeIDE/plugins/com.st.stm32cube.ide.mcu.externaltools.gnu-tools-for-stm32.13.3.rel1.win32_1.0.100.202509120712/tools/bin/../lib/gcc/arm-none-eabi/13.3.1/../../../../arm-none-eabi/lib/thumb/v7e-m+fp/hard\libc_nano.a(libc_a-findfp.o) (__sread)
D:/Korn/STM32/CubeIDE_Main/STM32CubeIDE_2.0.0/STM32CubeIDE/plugins/com.st.stm32cube.ide.mcu.externaltools.gnu-tools-for-stm32.13.3.rel1.win32_1.0.100.202509120712/tools/bin/../lib/gcc/arm-none-eabi/13.3.1/../../../../arm-none-eabi/lib/thumb/v7e-m+fp/hard\libc_nano.a(libc_a-memset.o)
                              D:/Korn/STM32/CubeIDE_Main/STM32CubeIDE_2.0.0/STM32CubeIDE/plugins/com.st.stm32cube.ide.mcu.externaltools.gnu-tools-for-stm32.13.3.rel1.win32_1.0.100.202509120712/tools/bin/../lib/gcc/arm-none-eabi/13.3.1/../../../../arm-none-eabi/lib/thumb/v7e-m+fp/hard/crt0.o (memset)
D:/Korn/STM32/CubeIDE_Main/STM32CubeIDE_2.0.0/STM32CubeIDE/plugins/com.st.stm32cube.ide.mcu.externaltools.gnu-tools-for-stm32.13.3.rel1.win32_1.0.100.202509120712/tools/bin/../lib/gcc/arm-none-eabi/13.3.1/../../../../arm-none-eabi/lib/thumb/v7e-m+fp/hard\libc_nano.a(libc_a-closer.o)
                              D:/Korn/STM32/CubeIDE_Main/STM32CubeIDE_2.0.0/STM32CubeIDE/plugins/com.st.stm32cube.ide.mcu.externaltools.gnu-tools-for-stm32.13.3.rel1.win32_1.0.100.202509120712/tools/bin/../lib/gcc/arm-none-eabi/13.3.1/../../../../arm-none-eabi/lib/thumb/v7e-m+fp/hard\libc_nano.a(libc_a-stdio.o) (_close_r)
D:/Korn/STM32/CubeIDE_Main/STM32CubeIDE_2.0.0/STM32CubeIDE/plugins/com.st.stm32cube.ide.mcu.externaltools.gnu-tools-for-stm32.13.3.rel1.win32_1.0.100.202509120712/tools/bin/../lib/gcc/arm-none-eabi/13.3.1/../../../../arm-none-eabi/lib/thumb/v7e-m+fp/hard\libc_nano.a(libc_a-reent.o)
                              D:/Korn/STM32/CubeIDE_Main/STM32CubeIDE_2.0.0/STM32CubeIDE/plugins/com.st.stm32cube.ide.mcu.externaltools.gnu-tools-for-stm32.13.3.rel1.win32_1.0.100.202509120712/tools/bin/../lib/gcc/arm-none-eabi/13.3.1/../../../../arm-none-eabi/lib/thumb/v7e-m+fp/hard\libc_nano.a(libc_a-closer.o) (errno)
D:/Korn/STM32/CubeIDE_Main/STM32CubeIDE_2.0.0/STM32CubeIDE/plugins/com.st.stm32cube.ide.mcu.externaltools.gnu-tools-for-stm32.13.3.rel1.win32_1.0.100.202509120712/tools/bin/../lib/gcc/arm-none-eabi/13.3.1/../../../../arm-none-eabi/lib/thumb/v7e-m+fp/hard\libc_nano.a(libc_a-impure.o)
[...]
Memory Configuration

Name             Origin             Length             Attributes
RAM              0x20000000         0x00020000         xrw
FLASH            0x08000000         0x00080000         xr
*default*        0x00000000         0xffffffff

Linker script and memory map

LOAD D:/Korn/STM32/CubeIDE_Main/STM32CubeIDE_2.0.0/STM32CubeIDE/plugins/com.st.stm32cube.ide.mcu.externaltools.gnu-tools-for-stm32.13.3.rel1.win32_1.0.100.202509120712/tools/bin/../lib/gcc/arm-none-eabi/13.3.1/thumb/v7e-m+fp/hard/crti.o
LOAD D:/Korn/STM32/CubeIDE_Main/STM32CubeIDE_2.0.0/STM32CubeIDE/plugins/com.st.stm32cube.ide.mcu.externaltools.gnu-tools-for-stm32.13.3.rel1.win32_1.0.100.202509120712/tools/bin/../lib/gcc/arm-none-eabi/13.3.1/thumb/v7e-m+fp/hard/crtbegin.o
LOAD D:/Korn/STM32/CubeIDE_Main/STM32CubeIDE_2.0.0/STM32CubeIDE/plugins/com.st.stm32cube.ide.mcu.externaltools.gnu-tools-for-stm32.13.3.rel1.win32_1.0.100.202509120712/tools/bin/../lib/gcc/arm-none-eabi/13.3.1/../../../../arm-none-eabi/lib/thumb/v7e-m+fp/hard/crt0.o
LOAD ./Core/Src/gpio.o
LOAD ./Core/Src/main.o
LOAD ./Core/Src/stm32g4xx_hal_msp.o
LOAD ./Core/Src/stm32g4xx_it.o
LOAD ./Core/Src/syscalls.o
LOAD ./Core/Src/sysmem.o
LOAD ./Core/Src/system_stm32g4xx.o
LOAD ./Core/Src/tim.o
LOAD ./Core/Src/usart.o
LOAD ./Core/Startup/startup_stm32g474retx.o
LOAD ./Drivers/STM32G4xx_HAL_Driver/Src/stm32g4xx_hal.o
LOAD ./Drivers/STM32G4xx_HAL_Driver/Src/stm32g4xx_hal_cortex.o
LOAD ./Drivers/STM32G4xx_HAL_Driver/Src/stm32g4xx_hal_dma.o
LOAD ./Drivers/STM32G4xx_HAL_Driver/Src/stm32g4xx_hal_dma_ex.o
LOAD ./Drivers/STM32G4xx_HAL_Driver/Src/stm32g4xx_hal_exti.o
LOAD ./Drivers/STM32G4xx_HAL_Driver/Src/stm32g4xx_hal_flash.o
LOAD ./Drivers/STM32G4xx_HAL_Driver/Src/stm32g4xx_hal_flash_ex.o
LOAD ./Drivers/STM32G4xx_HAL_Driver/Src/stm32g4xx_hal_flash_ramfunc.o
LOAD ./Drivers/STM32G4xx_HAL_Driver/Src/stm32g4xx_hal_gpio.o
LOAD ./Drivers/STM32G4xx_HAL_Driver/Src/stm32g4xx_hal_pwr.o
LOAD ./Drivers/STM32G4xx_HAL_Driver/Src/stm32g4xx_hal_pwr_ex.o
LOAD ./Drivers/STM32G4xx_HAL_Driver/Src/stm32g4xx_hal_rcc.o
LOAD ./Drivers/STM32G4xx_HAL_Driver/Src/stm32g4xx_hal_rcc_ex.o
LOAD ./Drivers/STM32G4xx_HAL_Driver/Src/stm32g4xx_hal_tim.o
LOAD ./Drivers/STM32G4xx_HAL_Driver/Src/stm32g4xx_hal_tim_ex.o
LOAD ./Drivers/STM32G4xx_HAL_Driver/Src/stm32g4xx_hal_uart.o
LOAD ./Drivers/STM32G4xx_HAL_Driver/Src/stm32g4xx_hal_uart_ex.o
LOAD ../Middlewares/Third_Party/ARM_CMSIS/CMSIS/DSP/Lib/GCC\libarm_cortexM4lf_math.a
START GROUP
LOAD D:/Korn/STM32/CubeIDE_Main/STM32CubeIDE_2.0.0/STM32CubeIDE/plugins/com.st.stm32cube.ide.mcu.externaltools.gnu-tools-for-stm32.13.3.rel1.win32_1.0.100.202509120712/tools/bin/../lib/gcc/arm-none-eabi/13.3.1/../../../../arm-none-eabi/lib/thumb/v7e-m+fp/hard\libc_nano.a
LOAD D:/Korn/STM32/CubeIDE_Main/STM32CubeIDE_2.0.0/STM32CubeIDE/plugins/com.st.stm32cube.ide.mcu.externaltools.gnu-tools-for-stm32.13.3.rel1.win32_1.0.100.202509120712/tools/bin/../lib/gcc/arm-none-eabi/13.3.1/../../../../arm-none-eabi/lib/thumb/v7e-m+fp/hard\libm.a
END GROUP
START GROUP
LOAD D:/Korn/STM32/CubeIDE_Main/STM32CubeIDE_2.0.0/STM32CubeIDE/plugins/com.st.stm32cube.ide.mcu.externaltools.gnu-tools-for-stm32.13.3.rel1.win32_1.0.100.202509120712/tools/bin/../lib/gcc/arm-none-eabi/13.3.1/thumb/v7e-m+fp/hard\libgcc.a
LOAD D:/Korn/STM32/CubeIDE_Main/STM32CubeIDE_2.0.0/STM32CubeIDE/plugins/com.st.stm32cube.ide.mcu.externaltools.gnu-tools-for-stm32.13.3.rel1.win32_1.0.100.202509120712/tools/bin/../lib/gcc/arm-none-eabi/13.3.1/../../../../arm-none-eabi/lib/thumb/v7e-m+fp/hard\libc_nano.a
END GROUP
START GROUP
LOAD D:/Korn/STM32/CubeIDE_Main/STM32CubeIDE_2.0.0/STM32CubeIDE/plugins/com.st.stm32cube.ide.mcu.externaltools.gnu-tools-for-stm32.13.3.rel1.win32_1.0.100.202509120712/tools/bin/../lib/gcc/arm-none-eabi/13.3.1/thumb/v7e-m+fp/hard\libgcc.a
LOAD D:/Korn/STM32/CubeIDE_Main/STM32CubeIDE_2.0.0/STM32CubeIDE/plugins/com.st.stm32cube.ide.mcu.externaltools.gnu-tools-for-stm32.13.3.rel1.win32_1.0.100.202509120712/tools/bin/../lib/gcc/arm-none-eabi/13.3.1/../../../../arm-none-eabi/lib/thumb/v7e-m+fp/hard\libc_nano.a
LOAD D:/Korn/STM32/CubeIDE_Main/STM32CubeIDE_2.0.0/STM32CubeIDE/plugins/com.st.stm32cube.ide.mcu.externaltools.gnu-tools-for-stm32.13.3.rel1.win32_1.0.100.202509120712/tools/bin/../lib/gcc/arm-none-eabi/13.3.1/../../../../arm-none-eabi/lib/thumb/v7e-m+fp/hard\libnosys.a
END GROUP
START GROUP
LOAD D:/Korn/STM32/CubeIDE_Main/STM32CubeIDE_2.0.0/STM32CubeIDE/plugins/com.st.stm32cube.ide.mcu.externaltools.gnu-tools-for-stm32.13.3.rel1.win32_1.0.100.202509120712/tools/bin/../lib/gcc/arm-none-eabi/13.3.1/thumb/v7e-m+fp/hard\libgcc.a
LOAD D:/Korn/STM32/CubeIDE_Main/STM32CubeIDE_2.0.0/STM32CubeIDE/plugins/com.st.stm32cube.ide.mcu.externaltools.gnu-tools-for-stm32.13.3.rel1.win32_1.0.100.202509120712/tools/bin/../lib/gcc/arm-none-eabi/13.3.1/../../../../arm-none-eabi/lib/thumb/v7e-m+fp/hard\libc_nano.a
LOAD D:/Korn/STM32/CubeIDE_Main/STM32CubeIDE_2.0.0/STM32CubeIDE/plugins/com.st.stm32cube.ide.mcu.externaltools.gnu-tools-for-stm32.13.3.rel1.win32_1.0.100.202509120712/tools/bin/../lib/gcc/arm-none-eabi/13.3.1/../../../../arm-none-eabi/lib/thumb/v7e-m+fp/hard\libnosys.a
END GROUP
LOAD D:/Korn/STM32/CubeIDE_Main/STM32CubeIDE_2.0.0/STM32CubeIDE/plugins/com.st.stm32cube.ide.mcu.externaltools.gnu-tools-for-stm32.13.3.rel1.win32_1.0.100.202509120712/tools/bin/../lib/gcc/arm-none-eabi/13.3.1/thumb/v7e-m+fp/hard/crtend.o
LOAD D:/Korn/STM32/CubeIDE_Main/STM32CubeIDE_2.0.0/STM32CubeIDE/plugins/com.st.stm32cube.ide.mcu.externaltools.gnu-tools-for-stm32.13.3.rel1.win32_1.0.100.202509120712/tools/bin/../lib/gcc/arm-none-eabi/13.3.1/thumb/v7e-m+fp/hard/crtn.o
                0x20020000                        _estack = (ORIGIN (RAM) + LENGTH (RAM))
                0x00000200                        _Min_Heap_Size = 0x200
                0x00000400                        _Min_Stack_Size = 0x400

.isr_vector     0x08000000      0x1d8
                0x08000000                        . = ALIGN (0x4)
 *(.isr_vector)
 .isr_vector    0x08000000      0x1d8 ./Core/Startup/startup_stm32g474retx.o
                0x08000000                g_pfnVectors
                0x080001d8                        . = ALIGN (0x4)

.text           0x080001d8     0x4d7c
                0x080001d8                        . = ALIGN (0x4)
 *(.text)
 .text          0x080001d8       0x40 D:/Korn/STM32/CubeIDE_Main/STM32CubeIDE_2.0.0/STM32CubeIDE/plugins/com.st.stm32cube.ide.mcu.externaltools.gnu-tools-for-stm32.13.3.rel1.win32_1.0.100.202509120712/tools/bin/../lib/gcc/arm-none-eabi/13.3.1/thumb/v7e-m+fp/hard/crtbegin.o
 .text          0x08000218       0x30 D:/Korn/STM32/CubeIDE_Main/STM32CubeIDE_2.0.0/STM32CubeIDE/plugins/com.st.stm32cube.ide.mcu.externaltools.gnu-tools-for-stm32.13.3.rel1.win32_1.0.100.202509120712/tools/bin/../lib/gcc/arm-none-eabi/13.3.1/thumb/v7e-m+fp/hard\libgcc.a(_aeabi_uldivmod.o)
                0x08000218                __aeabi_uldivmod
 .text          0x08000248      0x2f8 D:/Korn/STM32/CubeIDE_Main/STM32CubeIDE_2.0.0/STM32CubeIDE/plugins/com.st.stm32cube.ide.mcu.externaltools.gnu-tools-for-stm32.13.3.rel1.win32_1.0.100.202509120712/tools/bin/../lib/gcc/arm-none-eabi/13.3.1/thumb/v7e-m+fp/hard\libgcc.a(_udivmoddi4.o)
                0x08000248                __udivmoddi4
 .text          0x08000540        0x4 D:/Korn/STM32/CubeIDE_Main/STM32CubeIDE_2.0.0/STM32CubeIDE/plugins/com.st.stm32cube.ide.mcu.externaltools.gnu-tools-for-stm32.13.3.rel1.win32_1.0.100.202509120712/tools/bin/../lib/gcc/arm-none-eabi/13.3.1/thumb/v7e-m+fp/hard\libgcc.a(_dvmd_tls.o)
                0x08000540                __aeabi_idiv0
                0x08000540                __aeabi_ldiv0
 *(.text*)
 .text.MX_GPIO_Init
                0x08000544       0xf8 ./Core/Src/gpio.o
                0x08000544                MX_GPIO_Init
 .text.Init_Motor_Coefficients
                0x0800063c      0x154 ./Core/Src/main.o
                0x0800063c                Init_Motor_Coefficients
 .text.main     0x08000790       0x4c ./Core/Src/main.o
                0x08000790                main
 .text.SystemClock_Config
                0x080007dc       0x96 ./Core/Src/main.o
                0x080007dc                SystemClock_Config
 *fill*         0x08000872        0x2 
 .text.HAL_TIM_PeriodElapsedCallback
                0x08000874      0x284 ./Core/Src/main.o
                0x08000874                HAL_TIM_PeriodElapsedCallback
 .text.Error_Handler
                0x08000af8        0xc ./Core/Src/main.o
                0x08000af8                Error_Handler
 .text.HAL_MspInit
                0x08000b04       0x48 ./Core/Src/stm32g4xx_hal_msp.o
                0x08000b04                HAL_MspInit
 .text.NMI_Handler
                0x08000b4c        0x8 ./Core/Src/stm32g4xx_it.o
                0x08000b4c                NMI_Handler
 .text.HardFault_Handler
                0x08000b54        0x8 ./Core/Src/stm32g4xx_it.o
                0x08000b54                HardFault_Handler
 .text.MemManage_Handler
                0x08000b5c        0x8 ./Core/Src/stm32g4xx_it.o
                0x08000b5c                MemManage_Handler
 .text.BusFault_Handler
                0x08000b64        0x8 ./Core/Src/stm32g4xx_it.o
                0x08000b64                BusFault_Handler
 .text.UsageFault_Handler
                0x08000b6c        0x8 ./Core/Src/stm32g4xx_it.o
                0x08000b6c                UsageFault_Handler
 .text.SVC_Handler
                0x08000b74        0xe ./Core/Src/stm32g4xx_it.o
                0x08000b74                SVC_Handler
 .text.DebugMon_Handler
                0x08000b82        0xe ./Core/Src/stm32g4xx_it.o
                0x08000b82                DebugMon_Handler
 .text.PendSV_Handler
                0x08000b90        0xe ./Core/Src/stm32g4xx_it.o
                0x08000b90                PendSV_Handler
 .text.SysTick_Handler
                0x08000b9e        0xc ./Core/Src/stm32g4xx_it.o
                0x08000b9e                SysTick_Handler
 *fill*         0x08000baa        0x2 
 .text.TIM2_IRQHandler
                0x08000bac       0x14 ./Core/Src/stm32g4xx_it.o
                0x08000bac                TIM2_IRQHandler
 .text.SystemInit
                0x08000bc0       0x24 ./Core/Src/system_stm32g4xx.o
                0x08000bc0                SystemInit
 .text.MX_TIM2_Init
                0x08000be4       0x9c ./Core/Src/tim.o
                0x08000be4                MX_TIM2_Init
 .text.MX_TIM3_Init
                0x08000c80       0xf0 ./Core/Src/tim.o
                0x08000c80                MX_TIM3_Init
 .text.MX_TIM4_Init
                0x08000d70       0xac ./Core/Src/tim.o
                0x08000d70                MX_TIM4_Init
 .text.HAL_TIM_Base_MspInit
                0x08000e1c       0x70 ./Core/Src/tim.o
                0x08000e1c                HAL_TIM_Base_MspInit
 .text.HAL_TIM_Encoder_MspInit
                0x08000e8c       0x88 ./Core/Src/tim.o
                0x08000e8c                HAL_TIM_Encoder_MspInit
 .text.HAL_TIM_MspPostInit
                0x08000f14       0x70 ./Core/Src/tim.o
                0x08000f14                HAL_TIM_MspPostInit
 .text.MX_USART1_UART_Init
                0x08000f84       0x98 ./Core/Src/usart.o
                0x08000f84                MX_USART1_UART_Init
 .text.HAL_UART_MspInit
                0x0800101c       0xb0 ./Core/Src/usart.o
                0x0800101c                HAL_UART_MspInit
 .text.Reset_Handler
                0x080010cc       0x50 ./Core/Startup/startup_stm32g474retx.o
                0x080010cc                Reset_Handler
 .text.Default_Handler
                0x0800111c        0x2 ./Core/Startup/startup_stm32g474retx.o
                0x0800111c                RTC_Alarm_IRQHandler
                0x0800111c                EXTI2_IRQHandler
                0x0800111c                TIM8_TRG_COM_IRQHandler
                0x0800111c                TIM8_CC_IRQHandler
                0x0800111c                HRTIM1_Master_IRQHandler
                0x0800111c                SPI4_IRQHandler
                0x0800111c                FDCAN3_IT0_IRQHandler
                0x0800111c                TIM1_CC_IRQHandler
                0x0800111c                HRTIM1_FLT_IRQHandler
                0x0800111c                HRTIM1_TIMF_IRQHandler
                0x0800111c                USB_HP_IRQHandler
                0x0800111c                CORDIC_IRQHandler
                0x0800111c                HRTIM1_TIMD_IRQHandler
                0x0800111c                DMA2_Channel8_IRQHandler
                0x0800111c                EXTI3_IRQHandler
                0x0800111c                I2C3_ER_IRQHandler
                0x0800111c                EXTI0_IRQHandler
                0x0800111c                I2C2_EV_IRQHandler
                0x0800111c                FPU_IRQHandler
                0x0800111c                FDCAN1_IT1_IRQHandler
                0x0800111c                TIM1_UP_TIM16_IRQHandler
                0x0800111c                ADC1_2_IRQHandler
                0x0800111c                HRTIM1_TIME_IRQHandler
                0x0800111c                SPI1_IRQHandler
                0x0800111c                TIM6_DAC_IRQHandler
                0x0800111c                HRTIM1_TIMC_IRQHandler
                0x0800111c                TIM8_UP_IRQHandler
                0x0800111c                DMA2_Channel2_IRQHandler
                0x0800111c                DMA1_Channel4_IRQHandler
                0x0800111c                TIM20_TRG_COM_IRQHandler
                0x0800111c                USART3_IRQHandler
                0x0800111c                DMA1_Channel7_IRQHandler
                0x0800111c                UART5_IRQHandler
                0x0800111c                ADC3_IRQHandler
                0x0800111c                TIM4_IRQHandler
                0x0800111c                DMA2_Channel1_IRQHandler
                0x0800111c                QUADSPI_IRQHandler
                0x0800111c                I2C1_EV_IRQHandler
                0x0800111c                DMA1_Channel6_IRQHandler
                0x0800111c                UART4_IRQHandler
                0x0800111c                DMA2_Channel4_IRQHandler
                0x0800111c                TIM3_IRQHandler
                0x0800111c                RCC_IRQHandler
                0x0800111c                TIM20_UP_IRQHandler
                0x0800111c                DMA1_Channel1_IRQHandler
                0x0800111c                Default_Handler
                0x0800111c                DMA2_Channel7_IRQHandler
                0x0800111c                RTC_TAMP_LSECSS_IRQHandler
                0x0800111c                FMAC_IRQHandler
                0x0800111c                EXTI15_10_IRQHandler
                0x0800111c                DMA1_Channel8_IRQHandler
                0x0800111c                HRTIM1_TIMA_IRQHandler
                0x0800111c                TIM7_DAC_IRQHandler
                0x0800111c                FDCAN3_IT1_IRQHandler
                0x0800111c                TIM5_IRQHandler
                0x0800111c                UCPD1_IRQHandler
                0x0800111c                I2C3_EV_IRQHandler
                0x0800111c                EXTI9_5_IRQHandler
                0x0800111c                RTC_WKUP_IRQHandler
                0x0800111c                PVD_PVM_IRQHandler
                0x0800111c                SPI2_IRQHandler
                0x0800111c                ADC5_IRQHandler
                0x0800111c                DMA2_Channel5_IRQHandler
                0x0800111c                CRS_IRQHandler
                0x0800111c                DMA1_Channel5_IRQHandler
                0x0800111c                USB_LP_IRQHandler
                0x0800111c                EXTI4_IRQHandler
                0x0800111c                RNG_IRQHandler
                0x0800111c                HRTIM1_TIMB_IRQHandler
                0x0800111c                TIM1_TRG_COM_TIM17_IRQHandler
                0x0800111c                FDCAN2_IT1_IRQHandler
                0x0800111c                DMA1_Channel3_IRQHandler
                0x0800111c                ADC4_IRQHandler
                0x0800111c                WWDG_IRQHandler
                0x0800111c                I2C4_EV_IRQHandler
                0x0800111c                FDCAN2_IT0_IRQHandler
                0x0800111c                LPUART1_IRQHandler
                0x0800111c                DMA2_Channel6_IRQHandler
                0x0800111c                FDCAN1_IT0_IRQHandler
                0x0800111c                COMP7_IRQHandler
                0x0800111c                COMP1_2_3_IRQHandler
                0x0800111c                EXTI1_IRQHandler
                0x0800111c                USART2_IRQHandler
                0x0800111c                COMP4_5_6_IRQHandler
                0x0800111c                TIM20_BRK_IRQHandler
                0x0800111c                I2C2_ER_IRQHandler
                0x0800111c                DMA1_Channel2_IRQHandler
                0x0800111c                TIM8_BRK_IRQHandler
                0x0800111c                FLASH_IRQHandler
                0x0800111c                TIM20_CC_IRQHandler
                0x0800111c                USART1_IRQHandler
                0x0800111c                SPI3_IRQHandler
                0x0800111c                I2C1_ER_IRQHandler
                0x0800111c                FMC_IRQHandler
                0x0800111c                LPTIM1_IRQHandler
                0x0800111c                DMAMUX_OVR_IRQHandler
                0x0800111c                I2C4_ER_IRQHandler
                0x0800111c                USBWakeUp_IRQHandler
                0x0800111c                SAI1_IRQHandler
                0x0800111c                DMA2_Channel3_IRQHandler
                0x0800111c                TIM1_BRK_TIM15_IRQHandler
 .text.HAL_Init
                0x0800111e       0x30 ./Drivers/STM32G4xx_HAL_Driver/Src/stm32g4xx_hal.o
                0x0800111e                HAL_Init
 *fill*         0x0800114e        0x2 
 .text.HAL_InitTick
                0x08001150       0x74 ./Drivers/STM32G4xx_HAL_Driver/Src/stm32g4xx_hal.o
                0x08001150                HAL_InitTick
 .text.HAL_IncTick
                0x080011c4       0x24 ./Drivers/STM32G4xx_HAL_Driver/Src/stm32g4xx_hal.o
                0x080011c4                HAL_IncTick
 .text.HAL_GetTick
                0x080011e8       0x18 ./Drivers/STM32G4xx_HAL_Driver/Src/stm32g4xx_hal.o
                0x080011e8                HAL_GetTick
 .text.__NVIC_SetPriorityGrouping
                0x08001200       0x48 ./Drivers/STM32G4xx_HAL_Driver/Src/stm32g4xx_hal_cortex.o
 .text.__NVIC_GetPriorityGrouping
                0x08001248       0x1c ./Drivers/STM32G4xx_HAL_Driver/Src/stm32g4xx_hal_cortex.o
 .text.__NVIC_EnableIRQ
                0x08001264       0x3c ./Drivers/STM32G4xx_HAL_Driver/Src/stm32g4xx_hal_cortex.o
 .text.__NVIC_SetPriority
                0x080012a0       0x54 ./Drivers/STM32G4xx_HAL_Driver/Src/stm32g4xx_hal_cortex.o
 .text.NVIC_EncodePriority
                0x080012f4       0x66 ./Drivers/STM32G4xx_HAL_Driver/Src/stm32g4xx_hal_cortex.o
 *fill*         0x0800135a        0x2 
 .text.SysTick_Config
                0x0800135c       0x44 ./Drivers/STM32G4xx_HAL_Driver/Src/stm32g4xx_hal_cortex.o
 .text.HAL_NVIC_SetPriorityGrouping
                0x080013a0       0x16 ./Drivers/STM32G4xx_HAL_Driver/Src/stm32g4xx_hal_cortex.o
                0x080013a0                HAL_NVIC_SetPriorityGrouping
 .text.HAL_NVIC_SetPriority
                0x080013b6       0x34 ./Drivers/STM32G4xx_HAL_Driver/Src/stm32g4xx_hal_cortex.o
                0x080013b6                HAL_NVIC_SetPriority
 .text.HAL_NVIC_EnableIRQ
                0x080013ea       0x1c ./Drivers/STM32G4xx_HAL_Driver/Src/stm32g4xx_hal_cortex.o
                0x080013ea                HAL_NVIC_EnableIRQ
 .text.HAL_SYSTICK_Config
                0x08001406       0x18 ./Drivers/STM32G4xx_HAL_Driver/Src/stm32g4xx_hal_cortex.o
                0x08001406                HAL_SYSTICK_Config
 *fill*         0x0800141e        0x2 
 .text.HAL_GPIO_Init
                0x08001420      0x318 ./Drivers/STM32G4xx_HAL_Driver/Src/stm32g4xx_hal_gpio.o
                0x08001420                HAL_GPIO_Init
 .text.HAL_GPIO_WritePin
                0x08001738       0x30 ./Drivers/STM32G4xx_HAL_Driver/Src/stm32g4xx_hal_gpio.o
                0x08001738                HAL_GPIO_WritePin
 .text.HAL_PWREx_ControlVoltageScaling
                0x08001768      0x148 ./Drivers/STM32G4xx_HAL_Driver/Src/stm32g4xx_hal_pwr_ex.o
                0x08001768                HAL_PWREx_ControlVoltageScaling
 .text.HAL_PWREx_DisableUCPDDeadBattery
                0x080018b0       0x20 ./Drivers/STM32G4xx_HAL_Driver/Src/stm32g4xx_hal_pwr_ex.o
                0x080018b0                HAL_PWREx_DisableUCPDDeadBattery
 .text.HAL_RCC_OscConfig
                0x080018d0      0x624 ./Drivers/STM32G4xx_HAL_Driver/Src/stm32g4xx_hal_rcc.o
                0x080018d0                HAL_RCC_OscConfig
 .text.HAL_RCC_ClockConfig
                0x08001ef4      0x278 ./Drivers/STM32G4xx_HAL_Driver/Src/stm32g4xx_hal_rcc.o
                0x08001ef4                HAL_RCC_ClockConfig
 .text.HAL_RCC_GetSysClockFreq
                0x0800216c       0xc4 ./Drivers/STM32G4xx_HAL_Driver/Src/stm32g4xx_hal_rcc.o
                0x0800216c                HAL_RCC_GetSysClockFreq
 .text.HAL_RCC_GetHCLKFreq
                0x08002230       0x18 ./Drivers/STM32G4xx_HAL_Driver/Src/stm32g4xx_hal_rcc.o
                0x08002230                HAL_RCC_GetHCLKFreq
 .text.HAL_RCC_GetPCLK1Freq
                0x08002248       0x2c ./Drivers/STM32G4xx_HAL_Driver/Src/stm32g4xx_hal_rcc.o
                0x08002248                HAL_RCC_GetPCLK1Freq
 .text.HAL_RCC_GetPCLK2Freq
                0x08002274       0x2c ./Drivers/STM32G4xx_HAL_Driver/Src/stm32g4xx_hal_rcc.o
                0x08002274                HAL_RCC_GetPCLK2Freq
 .text.RCC_GetSysClockFreqFromPLLSource
                0x080022a0       0x8c ./Drivers/STM32G4xx_HAL_Driver/Src/stm32g4xx_hal_rcc.o
 .text.HAL_RCCEx_PeriphCLKConfig
                0x0800232c      0x49c ./Drivers/STM32G4xx_HAL_Driver/Src/stm32g4xx_hal_rcc_ex.o
                0x0800232c                HAL_RCCEx_PeriphCLKConfig
 .text.HAL_TIM_Base_Init
                0x080027c8       0xae ./Drivers/STM32G4xx_HAL_Driver/Src/stm32g4xx_hal_tim.o
                0x080027c8                HAL_TIM_Base_Init
 *fill*         0x08002876        0x2 
 .text.HAL_TIM_Base_Start_IT
                0x08002878       0xf0 ./Drivers/STM32G4xx_HAL_Driver/Src/stm32g4xx_hal_tim.o
                0x08002878                HAL_TIM_Base_Start_IT
 .text.HAL_TIM_PWM_Init
                0x08002968       0xae ./Drivers/STM32G4xx_HAL_Driver/Src/stm32g4xx_hal_tim.o
                0x08002968                HAL_TIM_PWM_Init
 .text.HAL_TIM_PWM_MspInit
                0x08002a16       0x14 ./Drivers/STM32G4xx_HAL_Driver/Src/stm32g4xx_hal_tim.o
                0x08002a16                HAL_TIM_PWM_MspInit
 *fill*         0x08002a2a        0x2 
 .text.HAL_TIM_PWM_Start
                0x08002a2c      0x224 ./Drivers/STM32G4xx_HAL_Driver/Src/stm32g4xx_hal_tim.o
                0x08002a2c                HAL_TIM_PWM_Start
 .text.HAL_TIM_Encoder_Init
                0x08002c50      0x14c ./Drivers/STM32G4xx_HAL_Driver/Src/stm32g4xx_hal_tim.o
                0x08002c50                HAL_TIM_Encoder_Init
 .text.HAL_TIM_Encoder_Start
                0x08002d9c      0x11c ./Drivers/STM32G4xx_HAL_Driver/Src/stm32g4xx_hal_tim.o
                0x08002d9c                HAL_TIM_Encoder_Start
 .text.HAL_TIM_IRQHandler
                0x08002eb8      0x29e ./Drivers/STM32G4xx_HAL_Driver/Src/stm32g4xx_hal_tim.o
                0x08002eb8                HAL_TIM_IRQHandler
 *fill*         0x08003156        0x2 
 .text.HAL_TIM_PWM_ConfigChannel
                0x08003158      0x228 ./Drivers/STM32G4xx_HAL_Driver/Src/stm32g4xx_hal_tim.o
                0x08003158                HAL_TIM_PWM_ConfigChannel
 .text.HAL_TIM_ConfigClockSource
                0x08003380      0x22c ./Drivers/STM32G4xx_HAL_Driver/Src/stm32g4xx_hal_tim.o
                0x08003380                HAL_TIM_ConfigClockSource
 .text.HAL_TIM_OC_DelayElapsedCallback
                0x080035ac       0x14 ./Drivers/STM32G4xx_HAL_Driver/Src/stm32g4xx_hal_tim.o
                0x080035ac                HAL_TIM_OC_DelayElapsedCallback
 .text.HAL_TIM_IC_CaptureCallback
                0x080035c0       0x14 ./Drivers/STM32G4xx_HAL_Driver/Src/stm32g4xx_hal_tim.o
                0x080035c0                HAL_TIM_IC_CaptureCallback
 .text.HAL_TIM_PWM_PulseFinishedCallback
                0x080035d4       0x14 ./Drivers/STM32G4xx_HAL_Driver/Src/stm32g4xx_hal_tim.o
                0x080035d4                HAL_TIM_PWM_PulseFinishedCallback
 .text.HAL_TIM_TriggerCallback
                0x080035e8       0x14 ./Drivers/STM32G4xx_HAL_Driver/Src/stm32g4xx_hal_tim.o
                0x080035e8                HAL_TIM_TriggerCallback
 .text.TIM_Base_SetConfig
                0x080035fc      0x15c ./Drivers/STM32G4xx_HAL_Driver/Src/stm32g4xx_hal_tim.o
                0x080035fc                TIM_Base_SetConfig
 .text.TIM_OC1_SetConfig
                0x08003758      0x138 ./Drivers/STM32G4xx_HAL_Driver/Src/stm32g4xx_hal_tim.o
 .text.TIM_OC2_SetConfig
                0x08003890      0x12c ./Drivers/STM32G4xx_HAL_Driver/Src/stm32g4xx_hal_tim.o
                0x08003890                TIM_OC2_SetConfig
 .text.TIM_OC3_SetConfig
                0x080039bc      0x128 ./Drivers/STM32G4xx_HAL_Driver/Src/stm32g4xx_hal_tim.o
 .text.TIM_OC4_SetConfig
                0x08003ae4      0x12c ./Drivers/STM32G4xx_HAL_Driver/Src/stm32g4xx_hal_tim.o
 .text.TIM_OC5_SetConfig
                0x08003c10       0xd4 ./Drivers/STM32G4xx_HAL_Driver/Src/stm32g4xx_hal_tim.o
 .text.TIM_OC6_SetConfig
                0x08003ce4       0xd8 ./Drivers/STM32G4xx_HAL_Driver/Src/stm32g4xx_hal_tim.o
 .text.TIM_TI1_ConfigInputStage
                0x08003dbc       0xb4 ./Drivers/STM32G4xx_HAL_Driver/Src/stm32g4xx_hal_tim.o
 .text.TIM_TI2_ConfigInputStage
                0x08003e70       0x90 ./Drivers/STM32G4xx_HAL_Driver/Src/stm32g4xx_hal_tim.o
 .text.TIM_ITRx_SetConfig
                0x08003f00       0x3a ./Drivers/STM32G4xx_HAL_Driver/Src/stm32g4xx_hal_tim.o
 .text.TIM_ETR_SetConfig
                0x08003f3a       0x40 ./Drivers/STM32G4xx_HAL_Driver/Src/stm32g4xx_hal_tim.o
                0x08003f3a                TIM_ETR_SetConfig
 .text.TIM_CCxChannelCmd
                0x08003f7a       0x4a ./Drivers/STM32G4xx_HAL_Driver/Src/stm32g4xx_hal_tim.o
                0x08003f7a                TIM_CCxChannelCmd
 .text.HAL_TIMEx_MasterConfigSynchronization
                0x08003fc4      0x12c ./Drivers/STM32G4xx_HAL_Driver/Src/stm32g4xx_hal_tim_ex.o
                0x08003fc4                HAL_TIMEx_MasterConfigSynchronization
 .text.HAL_TIMEx_CommutCallback
                0x080040f0       0x14 ./Drivers/STM32G4xx_HAL_Driver/Src/stm32g4xx_hal_tim_ex.o
                0x080040f0                HAL_TIMEx_CommutCallback
 .text.HAL_TIMEx_BreakCallback
                0x08004104       0x14 ./Drivers/STM32G4xx_HAL_Driver/Src/stm32g4xx_hal_tim_ex.o
                0x08004104                HAL_TIMEx_BreakCallback
 .text.HAL_TIMEx_Break2Callback
                0x08004118       0x14 ./Drivers/STM32G4xx_HAL_Driver/Src/stm32g4xx_hal_tim_ex.o
                0x08004118                HAL_TIMEx_Break2Callback
 .text.HAL_TIMEx_EncoderIndexCallback
                0x0800412c       0x14 ./Drivers/STM32G4xx_HAL_Driver/Src/stm32g4xx_hal_tim_ex.o
                0x0800412c                HAL_TIMEx_EncoderIndexCallback
 .text.HAL_TIMEx_DirectionChangeCallback
                0x08004140       0x14 ./Drivers/STM32G4xx_HAL_Driver/Src/stm32g4xx_hal_tim_ex.o
                0x08004140                HAL_TIMEx_DirectionChangeCallback
 .text.HAL_TIMEx_IndexErrorCallback
                0x08004154       0x14 ./Drivers/STM32G4xx_HAL_Driver/Src/stm32g4xx_hal_tim_ex.o
                0x08004154                HAL_TIMEx_IndexErrorCallback
 .text.HAL_TIMEx_TransitionErrorCallback
                0x08004168       0x14 ./Drivers/STM32G4xx_HAL_Driver/Src/stm32g4xx_hal_tim_ex.o
                0x08004168                HAL_TIMEx_TransitionErrorCallback
 .text.HAL_UART_Init
                0x0800417c       0xa0 ./Drivers/STM32G4xx_HAL_Driver/Src/stm32g4xx_hal_uart.o
                0x0800417c                HAL_UART_Init
 .text.UART_SetConfig
                0x0800421c      0x5f8 ./Drivers/STM32G4xx_HAL_Driver/Src/stm32g4xx_hal_uart.o
                0x0800421c                UART_SetConfig
 .text.UART_AdvFeatureConfig
                0x08004814      0x144 ./Drivers/STM32G4xx_HAL_Driver/Src/stm32g4xx_hal_uart.o
                0x08004814                UART_AdvFeatureConfig
 .text.UART_CheckIdleState
                0x08004958      0x154 ./Drivers/STM32G4xx_HAL_Driver/Src/stm32g4xx_hal_uart.o
                0x08004958                UART_CheckIdleState
 .text.UART_WaitOnFlagUntilTimeout
                0x08004aac       0xda ./Drivers/STM32G4xx_HAL_Driver/Src/stm32g4xx_hal_uart.o
                0x08004aac                UART_WaitOnFlagUntilTimeout
 .text.UART_EndRxTransfer
                0x08004b86       0xcc ./Drivers/STM32G4xx_HAL_Driver/Src/stm32g4xx_hal_uart.o
 .text.HAL_UARTEx_DisableFifoMode
                0x08004c52       0x72 ./Drivers/STM32G4xx_HAL_Driver/Src/stm32g4xx_hal_uart_ex.o
                0x08004c52                HAL_UARTEx_DisableFifoMode
 .text.HAL_UARTEx_SetTxFifoThreshold
                0x08004cc4       0x7c ./Drivers/STM32G4xx_HAL_Driver/Src/stm32g4xx_hal_uart_ex.o
                0x08004cc4                HAL_UARTEx_SetTxFifoThreshold
 .text.HAL_UARTEx_SetRxFifoThreshold
                0x08004d40       0x7c ./Drivers/STM32G4xx_HAL_Driver/Src/stm32g4xx_hal_uart_ex.o
                0x08004d40                HAL_UARTEx_SetRxFifoThreshold
 .text.UARTEx_SetNbDataToProcess
                0x08004dbc       0x9c ./Drivers/STM32G4xx_HAL_Driver/Src/stm32g4xx_hal_uart_ex.o
 .text.arm_sin_f32
                0x08004e58       0x8c ../Middlewares/Third_Party/ARM_CMSIS/CMSIS/DSP/Lib/GCC\libarm_cortexM4lf_math.a(arm_sin_f32.o)
                0x08004e58                arm_sin_f32
 .text.memset   0x08004ee4       0x10 D:/Korn/STM32/CubeIDE_Main/STM32CubeIDE_2.0.0/STM32CubeIDE/plugins/com.st.stm32cube.ide.mcu.externaltools.gnu-tools-for-stm32.13.3.rel1.win32_1.0.100.202509120712/tools/bin/../lib/gcc/arm-none-eabi/13.3.1/../../../../arm-none-eabi/lib/thumb/v7e-m+fp/hard\libc_nano.a(libc_a-memset.o)
                0x08004ee4                memset
 .text.__libc_init_array
                0x08004ef4       0x48 D:/Korn/STM32/CubeIDE_Main/STM32CubeIDE_2.0.0/STM32CubeIDE/plugins/com.st.stm32cube.ide.mcu.externaltools.gnu-tools-for-stm32.13.3.rel1.win32_1.0.100.202509120712/tools/bin/../lib/gcc/arm-none-eabi/13.3.1/../../../../arm-none-eabi/lib/thumb/v7e-m+fp/hard\libc_nano.a(libc_a-init.o)
                0x08004ef4                __libc_init_array
 *(.glue_7)
 .glue_7        0x08004f3c        0x0 linker stubs
 *(.glue_7t)
 .glue_7t       0x08004f3c        0x0 linker stubs
 *(.eh_frame)
 .eh_frame      0x08004f3c        0x0 D:/Korn/STM32/CubeIDE_Main/STM32CubeIDE_2.0.0/STM32CubeIDE/plugins/com.st.stm32cube.ide.mcu.externaltools.gnu-tools-for-stm32.13.3.rel1.win32_1.0.100.202509120712/tools/bin/../lib/gcc/arm-none-eabi/13.3.1/thumb/v7e-m+fp/hard/crtbegin.o
 *(.init)
 .init          0x08004f3c        0x4 D:/Korn/STM32/CubeIDE_Main/STM32CubeIDE_2.0.0/STM32CubeIDE/plugins/com.st.stm32cube.ide.mcu.externaltools.gnu-tools-for-stm32.13.3.rel1.win32_1.0.100.202509120712/tools/bin/../lib/gcc/arm-none-eabi/13.3.1/thumb/v7e-m+fp/hard/crti.o
                0x08004f3c                _init
 .init          0x08004f40        0x8 D:/Korn/STM32/CubeIDE_Main/STM32CubeIDE_2.0.0/STM32CubeIDE/plugins/com.st.stm32cube.ide.mcu.externaltools.gnu-tools-for-stm32.13.3.rel1.win32_1.0.100.202509120712/tools/bin/../lib/gcc/arm-none-eabi/13.3.1/thumb/v7e-m+fp/hard/crtn.o
 *(.fini)
 .fini          0x08004f48        0x4 D:/Korn/STM32/CubeIDE_Main/STM32CubeIDE_2.0.0/STM32CubeIDE/plugins/com.st.stm32cube.ide.mcu.externaltools.gnu-tools-for-stm32.13.3.rel1.win32_1.0.100.202509120712/tools/bin/../lib/gcc/arm-none-eabi/13.3.1/thumb/v7e-m+fp/hard/crti.o
                0x08004f48                _fini
 .fini          0x08004f4c        0x8 D:/Korn/STM32/CubeIDE_Main/STM32CubeIDE_2.0.0/STM32CubeIDE/plugins/com.st.stm32cube.ide.mcu.externaltools.gnu-tools-for-stm32.13.3.rel1.win32_1.0.100.202509120712/tools/bin/../lib/gcc/arm-none-eabi/13.3.1/thumb/v7e-m+fp/hard/crtn.o
                0x08004f54                        . = ALIGN (0x4)
                0x08004f54                        _etext = .

.vfp11_veneer   0x08004f54        0x0
 .vfp11_veneer  0x08004f54        0x0 linker stubs

.v4_bx          0x08004f54        0x0
 .v4_bx         0x08004f54        0x0 linker stubs

.iplt           0x08004f54        0x0
 .iplt          0x08004f54        0x0 D:/Korn/STM32/CubeIDE_Main/STM32CubeIDE_2.0.0/STM32CubeIDE/plugins/com.st.stm32cube.ide.mcu.externaltools.gnu-tools-for-stm32.13.3.rel1.win32_1.0.100.202509120712/tools/bin/../lib/gcc/arm-none-eabi/13.3.1/thumb/v7e-m+fp/hard/crtbegin.o

.rodata         0x08004f54      0x844
                0x08004f54                        . = ALIGN (0x4)
 *(.rodata)
 *(.rodata*)
 .rodata.AHBPrescTable
                0x08004f54       0x10 ./Core/Src/system_stm32g4xx.o
                0x08004f54                AHBPrescTable
 .rodata.APBPrescTable
                0x08004f64        0x8 ./Core/Src/system_stm32g4xx.o
                0x08004f64                APBPrescTable
 .rodata.UARTPrescTable
                0x08004f6c       0x18 ./Drivers/STM32G4xx_HAL_Driver/Src/stm32g4xx_hal_uart.o
                0x08004f6c                UARTPrescTable
 .rodata.numerator.1
                0x08004f84        0x8 ./Drivers/STM32G4xx_HAL_Driver/Src/stm32g4xx_hal_uart_ex.o
 .rodata.denominator.0
                0x08004f8c        0x8 ./Drivers/STM32G4xx_HAL_Driver/Src/stm32g4xx_hal_uart_ex.o
 .rodata.sinTable_f32
                0x08004f94      0x804 ../Middlewares/Third_Party/ARM_CMSIS/CMSIS/DSP/Lib/GCC\libarm_cortexM4lf_math.a(arm_common_tables.o)
                0x08004f94                sinTable_f32
                0x08005798                        . = ALIGN (0x4)

.ARM.extab      0x08005798        0x0
                0x08005798                        . = ALIGN (0x4)
 *(.ARM.extab* .gnu.linkonce.armextab.*)
                0x08005798                        . = ALIGN (0x4)

.ARM            0x08005798        0x8
                0x08005798                        . = ALIGN (0x4)
                0x08005798                        __exidx_start = .
 *(.ARM.exidx*)
 .ARM.exidx     0x08005798        0x8 D:/Korn/STM32/CubeIDE_Main/STM32CubeIDE_2.0.0/STM32CubeIDE/plugins/com.st.stm32cube.ide.mcu.externaltools.gnu-tools-for-stm32.13.3.rel1.win32_1.0.100.202509120712/tools/bin/../lib/gcc/arm-none-eabi/13.3.1/thumb/v7e-m+fp/hard\libgcc.a(_udivmoddi4.o)
                0x080057a0                        __exidx_end = .
                0x080057a0                        . = ALIGN (0x4)

.preinit_array  0x080057a0        0x0
                0x080057a0                        . = ALIGN (0x4)
                0x080057a0                        PROVIDE (__preinit_array_start = .)
 *(.preinit_array*)
                0x080057a0                        PROVIDE (__preinit_array_end = .)
                0x080057a0                        . = ALIGN (0x4)

.init_array     0x080057a0        0x4
                0x080057a0                        . = ALIGN (0x4)
                0x080057a0                        PROVIDE (__init_array_start = .)
 *(SORT_BY_NAME(.init_array.*))
 *(.init_array*)
 .init_array    0x080057a0        0x4 D:/Korn/STM32/CubeIDE_Main/STM32CubeIDE_2.0.0/STM32CubeIDE/plugins/com.st.stm32cube.ide.mcu.externaltools.gnu-tools-for-stm32.13.3.rel1.win32_1.0.100.202509120712/tools/bin/../lib/gcc/arm-none-eabi/13.3.1/thumb/v7e-m+fp/hard/crtbegin.o
                0x080057a4                        PROVIDE (__init_array_end = .)
                0x080057a4                        . = ALIGN (0x4)

.fini_array     0x080057a4        0x4
                0x080057a4                        . = ALIGN (0x4)
                [!provide]                        PROVIDE (__fini_array_start = .)
 *(SORT_BY_NAME(.fini_array.*))
 *(.fini_array*)
 .fini_array    0x080057a4        0x4 D:/Korn/STM32/CubeIDE_Main/STM32CubeIDE_2.0.0/STM32CubeIDE/plugins/com.st.stm32cube.ide.mcu.externaltools.gnu-tools-for-stm32.13.3.rel1.win32_1.0.100.202509120712/tools/bin/../lib/gcc/arm-none-eabi/13.3.1/thumb/v7e-m+fp/hard/crtbegin.o
                [!provide]                        PROVIDE (__fini_array_end = .)
                0x080057a8                        . = ALIGN (0x4)
                0x080057a8                        _sidata = LOADADDR (.data)

.rel.dyn        0x080057a8        0x0
 .rel.iplt      0x080057a8        0x0 D:/Korn/STM32/CubeIDE_Main/STM32CubeIDE_2.0.0/STM32CubeIDE/plugins/com.st.stm32cube.ide.mcu.externaltools.gnu-tools-for-stm32.13.3.rel1.win32_1.0.100.202509120712/tools/bin/../lib/gcc/arm-none-eabi/13.3.1/thumb/v7e-m+fp/hard/crtbegin.o

.data           0x20000000       0x2c load address 0x080057a8
                0x20000000                        . = ALIGN (0x4)
                0x20000000                        _sdata = .
 *(.data)
 *(.data*)
 .data.Rm       0x20000000        0x4 ./Core/Src/main.o
                0x20000000                Rm
 .data.Lm       0x20000004        0x4 ./Core/Src/main.o
                0x20000004                Lm
 .data.Bm       0x20000008        0x4 ./Core/Src/main.o
                0x20000008                Bm
 .data.J        0x2000000c        0x4 ./Core/Src/main.o
                0x2000000c                J
 .data.Km       0x20000010        0x4 ./Core/Src/main.o
                0x20000010                Km
 .data.Ke       0x20000014        0x4 ./Core/Src/main.o
                0x20000014                Ke
 .data.dt       0x20000018        0x4 ./Core/Src/main.o
                0x20000018                dt
 .data.input_type
                0x2000001c        0x4 ./Core/Src/main.o
                0x2000001c                input_type
 .data.SystemCoreClock
                0x20000020        0x4 ./Core/Src/system_stm32g4xx.o
                0x20000020                SystemCoreClock
 .data.uwTickPrio
                0x20000024        0x4 ./Drivers/STM32G4xx_HAL_Driver/Src/stm32g4xx_hal.o
                0x20000024                uwTickPrio
 .data.uwTickFreq
                0x20000028        0x4 ./Drivers/STM32G4xx_HAL_Driver/Src/stm32g4xx_hal.o
                0x20000028                uwTickFreq
 *(.RamFunc)
 *(.RamFunc*)
                0x2000002c                        . = ALIGN (0x4)
                0x2000002c                        _edata = .

.igot.plt       0x2000002c        0x0 load address 0x080057d4
 .igot.plt      0x2000002c        0x0 D:/Korn/STM32/CubeIDE_Main/STM32CubeIDE_2.0.0/STM32CubeIDE/plugins/com.st.stm32cube.ide.mcu.externaltools.gnu-tools-for-stm32.13.3.rel1.win32_1.0.100.202509120712/tools/bin/../lib/gcc/arm-none-eabi/13.3.1/thumb/v7e-m+fp/hard/crtbegin.o
                0x2000002c                        . = ALIGN (0x4)

.bss            0x2000002c      0x1c8 load address 0x080057d4
                0x2000002c                        _sbss = .
                0x2000002c                        __bss_start__ = _sbss
 *(.bss)
 .bss           0x2000002c       0x1c D:/Korn/STM32/CubeIDE_Main/STM32CubeIDE_2.0.0/STM32CubeIDE/plugins/com.st.stm32cube.ide.mcu.externaltools.gnu-tools-for-stm32.13.3.rel1.win32_1.0.100.202509120712/tools/bin/../lib/gcc/arm-none-eabi/13.3.1/thumb/v7e-m+fp/hard/crtbegin.o
 *(.bss*)
 .bss.V_in      0x20000048        0x4 ./Core/Src/main.o
                0x20000048                V_in
 .bss.Wm_sim    0x2000004c        0x4 ./Core/Src/main.o
                0x2000004c                Wm_sim
 .bss.Wm_real   0x20000050        0x4 ./Core/Src/main.o
                0x20000050                Wm_real
 .bss.V_in_n2   0x20000054        0x4 ./Core/Src/main.o
                0x20000054                V_in_n2
 .bss.Wm_n1     0x20000058        0x4 ./Core/Src/main.o
                0x20000058                Wm_n1
 .bss.Wm_n2     0x2000005c        0x4 ./Core/Src/main.o
                0x2000005c                Wm_n2
 .bss.t         0x20000060        0x4 ./Core/Src/main.o
                0x20000060                t
 .bss.encoder_count
                0x20000064        0x4 ./Core/Src/main.o
                0x20000064                encoder_count
 .bss.prev_encoder_count
                0x20000068        0x4 ./Core/Src/main.o
                0x20000068                prev_encoder_count
 .bss.term1     0x2000006c        0x4 ./Core/Src/main.o
                0x2000006c                term1
 .bss.term2     0x20000070        0x4 ./Core/Src/main.o
                0x20000070                term2
 .bss.term3     0x20000074        0x4 ./Core/Src/main.o
                0x20000074                term3
 .bss.htim2     0x20000078       0x4c ./Core/Src/tim.o
                0x20000078                htim2
 .bss.htim3     0x200000c4       0x4c ./Core/Src/tim.o
                0x200000c4                htim3
 .bss.htim4     0x20000110       0x4c ./Core/Src/tim.o
                0x20000110                htim4
 .bss.huart1    0x2000015c       0x94 ./Core/Src/usart.o
                0x2000015c                huart1
 .bss.uwTick    0x200001f0        0x4 ./Drivers/STM32G4xx_HAL_Driver/Src/stm32g4xx_hal.o
                0x200001f0                uwTick
 *(COMMON)
                0x200001f4                        . = ALIGN (0x4)
                0x200001f4                        _ebss = .
                0x200001f4                        __bss_end__ = _ebss

._user_heap_stack
                0x200001f4      0x604 load address 0x080057d4
                0x200001f8                        . = ALIGN (0x8)
 *fill*         0x200001f4        0x4 
                [!provide]                        PROVIDE (end = .)
                0x200001f8                        PROVIDE (_end = .)
                0x200003f8                        . = (. + _Min_Heap_Size)
 *fill*         0x200001f8      0x200 
                0x200007f8                        . = (. + _Min_Stack_Size)
 *fill*         0x200003f8      0x400 
                0x200007f8                        . = ALIGN (0x8)

/DISCARD/
 libc.a(*)
 libm.a(*)
 libgcc.a(*)

.ARM.attributes
                0x00000000       0x30
 *(.ARM.attributes)
 .ARM.attributes
                0x00000000       0x22 D:/Korn/STM32/CubeIDE_Main/STM32CubeIDE_2.0.0/STM32CubeIDE/plugins/com.st.stm32cube.ide.mcu.externaltools.gnu-tools-for-stm32.13.3.rel1.win32_1.0.100.202509120712/tools/bin/../lib/gcc/arm-none-eabi/13.3.1/thumb/v7e-m+fp/hard/crti.o
 .ARM.attributes
                0x00000022       0x34 D:/Korn/STM32/CubeIDE_Main/STM32CubeIDE_2.0.0/STM32CubeIDE/plugins/com.st.stm32cube.ide.mcu.externaltools.gnu-tools-for-stm32.13.3.rel1.win32_1.0.100.202509120712/tools/bin/../lib/gcc/arm-none-eabi/13.3.1/thumb/v7e-m+fp/hard/crtbegin.o
 .ARM.attributes
                0x00000056       0x34 ./Core/Src/gpio.o
 .ARM.attributes
                0x0000008a       0x34 ./Core/Src/main.o
 .ARM.attributes
                0x000000be       0x34 ./Core/Src/stm32g4xx_hal_msp.o
 .ARM.attributes
                0x000000f2       0x34 ./Core/Src/stm32g4xx_it.o
 .ARM.attributes
                0x00000126       0x34 ./Core/Src/system_stm32g4xx.o
 .ARM.attributes
                0x0000015a       0x34 ./Core/Src/tim.o
 .ARM.attributes
                0x0000018e       0x34 ./Core/Src/usart.o
 .ARM.attributes
                0x000001c2       0x21 ./Core/Startup/startup_stm32g474retx.o
 .ARM.attributes
                0x000001e3       0x34 ./Drivers/STM32G4xx_HAL_Driver/Src/stm32g4xx_hal.o
 .ARM.attributes
                0x00000217       0x34 ./Drivers/STM32G4xx_HAL_Driver/Src/stm32g4xx_hal_cortex.o
 .ARM.attributes
                0x0000024b       0x34 ./Drivers/STM32G4xx_HAL_Driver/Src/stm32g4xx_hal_gpio.o
 .ARM.attributes
                0x0000027f       0x34 ./Drivers/STM32G4xx_HAL_Driver/Src/stm32g4xx_hal_pwr_ex.o
 .ARM.attributes
                0x000002b3       0x34 ./Drivers/STM32G4xx_HAL_Driver/Src/stm32g4xx_hal_rcc.o
 .ARM.attributes
                0x000002e7       0x34 ./Drivers/STM32G4xx_HAL_Driver/Src/stm32g4xx_hal_rcc_ex.o
 .ARM.attributes
                0x0000031b       0x34 ./Drivers/STM32G4xx_HAL_Driver/Src/stm32g4xx_hal_tim.o
 .ARM.attributes
                0x0000034f       0x34 ./Drivers/STM32G4xx_HAL_Driver/Src/stm32g4xx_hal_tim_ex.o
 .ARM.attributes
                0x00000383       0x34 ./Drivers/STM32G4xx_HAL_Driver/Src/stm32g4xx_hal_uart.o
 .ARM.attributes
                0x000003b7       0x34 ./Drivers/STM32G4xx_HAL_Driver/Src/stm32g4xx_hal_uart_ex.o
 .ARM.attributes
                0x000003eb       0x34 ../Middlewares/Third_Party/ARM_CMSIS/CMSIS/DSP/Lib/GCC\libarm_cortexM4lf_math.a(arm_sin_f32.o)
 .ARM.attributes
                0x0000041f       0x39 ../Middlewares/Third_Party/ARM_CMSIS/CMSIS/DSP/Lib/GCC\libarm_cortexM4lf_math.a(arm_common_tables.o)
 .ARM.attributes
                0x00000458       0x34 D:/Korn/STM32/CubeIDE_Main/STM32CubeIDE_2.0.0/STM32CubeIDE/plugins/com.st.stm32cube.ide.mcu.externaltools.gnu-tools-for-stm32.13.3.rel1.win32_1.0.100.202509120712/tools/bin/../lib/gcc/arm-none-eabi/13.3.1/../../../../arm-none-eabi/lib/thumb/v7e-m+fp/hard\libc_nano.a(libc_a-memset.o)
 .ARM.attributes
                0x0000048c       0x34 D:/Korn/STM32/CubeIDE_Main/STM32CubeIDE_2.0.0/STM32CubeIDE/plugins/com.st.stm32cube.ide.mcu.externaltools.gnu-tools-for-stm32.13.3.rel1.win32_1.0.100.202509120712/tools/bin/../lib/gcc/arm-none-eabi/13.3.1/../../../../arm-none-eabi/lib/thumb/v7e-m+fp/hard\libc_nano.a(libc_a-init.o)
 .ARM.attributes
                0x000004c0       0x22 D:/Korn/STM32/CubeIDE_Main/STM32CubeIDE_2.0.0/STM32CubeIDE/plugins/com.st.stm32cube.ide.mcu.externaltools.gnu-tools-for-stm32.13.3.rel1.win32_1.0.100.202509120712/tools/bin/../lib/gcc/arm-none-eabi/13.3.1/thumb/v7e-m+fp/hard\libgcc.a(_aeabi_uldivmod.o)
 .ARM.attributes
                0x000004e2       0x34 D:/Korn/STM32/CubeIDE_Main/STM32CubeIDE_2.0.0/STM32CubeIDE/plugins/com.st.stm32cube.ide.mcu.externaltools.gnu-tools-for-stm32.13.3.rel1.win32_1.0.100.202509120712/tools/bin/../lib/gcc/arm-none-eabi/13.3.1/thumb/v7e-m+fp/hard\libgcc.a(_udivmoddi4.o)
 .ARM.attributes
                0x00000516       0x22 D:/Korn/STM32/CubeIDE_Main/STM32CubeIDE_2.0.0/STM32CubeIDE/plugins/com.st.stm32cube.ide.mcu.externaltools.gnu-tools-for-stm32.13.3.rel1.win32_1.0.100.202509120712/tools/bin/../lib/gcc/arm-none-eabi/13.3.1/thumb/v7e-m+fp/hard\libgcc.a(_dvmd_tls.o)
 .ARM.attributes
                0x00000538       0x22 D:/Korn/STM32/CubeIDE_Main/STM32CubeIDE_2.0.0/STM32CubeIDE/plugins/com.st.stm32cube.ide.mcu.externaltools.gnu-tools-for-stm32.13.3.rel1.win32_1.0.100.202509120712/tools/bin/../lib/gcc/arm-none-eabi/13.3.1/thumb/v7e-m+fp/hard/crtn.o
OUTPUT(LAB2_Part_1.elf elf32-littlearm)
LOAD linker stubs
LOAD D:/Korn/STM32/CubeIDE_Main/STM32CubeIDE_2.0.0/STM32CubeIDE/plugins/com.st.stm32cube.ide.mcu.externaltools.gnu-tools-for-stm32.13.3.rel1.win32_1.0.100.202509120712/tools/bin/../lib/gcc/arm-none-eabi/13.3.1/../../../../arm-none-eabi/lib/thumb/v7e-m+fp/hard\libc.a
LOAD D:/Korn/STM32/CubeIDE_Main/STM32CubeIDE_2.0.0/STM32CubeIDE/plugins/com.st.stm32cube.ide.mcu.externaltools.gnu-tools-for-stm32.13.3.rel1.win32_1.0.100.202509120712/tools/bin/../lib/gcc/arm-none-eabi/13.3.1/../../../../arm-none-eabi/lib/thumb/v7e-m+fp/hard\libm.a
LOAD D:/Korn/STM32/CubeIDE_Main/STM32CubeIDE_2.0.0/STM32CubeIDE/plugins/com.st.stm32cube.ide.mcu.externaltools.gnu-tools-for-stm32.13.3.rel1.win32_1.0.100.202509120712/tools/bin/../lib/gcc/arm-none-eabi/13.3.1/thumb/v7e-m+fp/hard\libgcc.a

.debug_info     0x00000000    0x16007
 .debug_info    0x00000000      0x49c ./Core/Src/gpio.o
 .debug_info    0x0000049c      0xdf5 ./Core/Src/main.o
 .debug_info    0x00001291      0x2da ./Core/Src/stm32g4xx_hal_msp.o
 .debug_info    0x0000156b      0x878 ./Core/Src/stm32g4xx_it.o
 .debug_info    0x00001de3      0x58e ./Core/Src/system_stm32g4xx.o
 .debug_info    0x00002371     0x130f ./Core/Src/tim.o
 .debug_info    0x00003680      0xdac ./Core/Src/usart.o
 .debug_info    0x0000442c       0x30 ./Core/Startup/startup_stm32g474retx.o
 .debug_info    0x0000445c      0xb95 ./Drivers/STM32G4xx_HAL_Driver/Src/stm32g4xx_hal.o
 .debug_info    0x00004ff1      0xdf9 ./Drivers/STM32G4xx_HAL_Driver/Src/stm32g4xx_hal_cortex.o
 .debug_info    0x00005dea      0x772 ./Drivers/STM32G4xx_HAL_Driver/Src/stm32g4xx_hal_gpio.o
 .debug_info    0x0000655c      0x944 ./Drivers/STM32G4xx_HAL_Driver/Src/stm32g4xx_hal_pwr_ex.o
 .debug_info    0x00006ea0      0xbf9 ./Drivers/STM32G4xx_HAL_Driver/Src/stm32g4xx_hal_rcc.o
 .debug_info    0x00007a99      0xc5d ./Drivers/STM32G4xx_HAL_Driver/Src/stm32g4xx_hal_rcc_ex.o
 .debug_info    0x000086f6     0x2c52 ./Drivers/STM32G4xx_HAL_Driver/Src/stm32g4xx_hal_tim.o
 .debug_info    0x0000b348     0x1d95 ./Drivers/STM32G4xx_HAL_Driver/Src/stm32g4xx_hal_tim_ex.o
 .debug_info    0x0000d0dd     0x4854 ./Drivers/STM32G4xx_HAL_Driver/Src/stm32g4xx_hal_uart.o
 .debug_info    0x00011931      0xfdc ./Drivers/STM32G4xx_HAL_Driver/Src/stm32g4xx_hal_uart_ex.o
 .debug_info    0x0001290d     0x1874 ../Middlewares/Third_Party/ARM_CMSIS/CMSIS/DSP/Lib/GCC\libarm_cortexM4lf_math.a(arm_sin_f32.o)
 .debug_info    0x00014181     0x1e86 ../Middlewares/Third_Party/ARM_CMSIS/CMSIS/DSP/Lib/GCC\libarm_cortexM4lf_math.a(arm_common_tables.o)

.debug_abbrev   0x00000000     0x2a89
 .debug_abbrev  0x00000000      0x159 ./Core/Src/gpio.o
 .debug_abbrev  0x00000159      0x2c8 ./Core/Src/main.o
 .debug_abbrev  0x00000421       0xd9 ./Core/Src/stm32g4xx_hal_msp.o
 .debug_abbrev  0x000004fa      0x1c2 ./Core/Src/stm32g4xx_it.o
 .debug_abbrev  0x000006bc      0x11a ./Core/Src/system_stm32g4xx.o
 .debug_abbrev  0x000007d6      0x273 ./Core/Src/tim.o
 .debug_abbrev  0x00000a49      0x20d ./Core/Src/usart.o
 .debug_abbrev  0x00000c56       0x24 ./Core/Startup/startup_stm32g474retx.o
 .debug_abbrev  0x00000c7a      0x271 ./Drivers/STM32G4xx_HAL_Driver/Src/stm32g4xx_hal.o
 .debug_abbrev  0x00000eeb      0x31c ./Drivers/STM32G4xx_HAL_Driver/Src/stm32g4xx_hal_cortex.o
 .debug_abbrev  0x00001207      0x1d2 ./Drivers/STM32G4xx_HAL_Driver/Src/stm32g4xx_hal_gpio.o
 .debug_abbrev  0x000013d9      0x22c ./Drivers/STM32G4xx_HAL_Driver/Src/stm32g4xx_hal_pwr_ex.o
 .debug_abbrev  0x00001605      0x2c9 ./Drivers/STM32G4xx_HAL_Driver/Src/stm32g4xx_hal_rcc.o
 .debug_abbrev  0x000018ce      0x261 ./Drivers/STM32G4xx_HAL_Driver/Src/stm32g4xx_hal_rcc_ex.o
 .debug_abbrev  0x00001b2f      0x2a7 ./Drivers/STM32G4xx_HAL_Driver/Src/stm32g4xx_hal_tim.o
 .debug_abbrev  0x00001dd6      0x2c5 ./Drivers/STM32G4xx_HAL_Driver/Src/stm32g4xx_hal_tim_ex.o
 .debug_abbrev  0x0000209b      0x304 ./Drivers/STM32G4xx_HAL_Driver/Src/stm32g4xx_hal_uart.o
 .debug_abbrev  0x0000239f      0x2d2 ./Drivers/STM32G4xx_HAL_Driver/Src/stm32g4xx_hal_uart_ex.o
 .debug_abbrev  0x00002671      0x22c ../Middlewares/Third_Party/ARM_CMSIS/CMSIS/DSP/Lib/GCC\libarm_cortexM4lf_math.a(arm_sin_f32.o)
 .debug_abbrev  0x0000289d      0x1ec ../Middlewares/Third_Party/ARM_CMSIS/CMSIS/DSP/Lib/GCC\libarm_cortexM4lf_math.a(arm_common_tables.o)

.debug_aranges  0x00000000     0x1058
 .debug_aranges
                0x00000000       0x20 ./Core/Src/gpio.o
 .debug_aranges
                0x00000020       0x40 ./Core/Src/main.o
 .debug_aranges
                0x00000060       0x20 ./Core/Src/stm32g4xx_hal_msp.o
 .debug_aranges
                0x00000080       0x68 ./Core/Src/stm32g4xx_it.o
 .debug_aranges
                0x000000e8       0x28 ./Core/Src/system_stm32g4xx.o
 .debug_aranges
                0x00000110       0x58 ./Core/Src/tim.o
 .debug_aranges
                0x00000168       0x30 ./Core/Src/usart.o
 .debug_aranges
                0x00000198       0x28 ./Core/Startup/startup_stm32g474retx.o
 .debug_aranges
                0x000001c0      0x148 ./Drivers/STM32G4xx_HAL_Driver/Src/stm32g4xx_hal.o
 .debug_aranges
                0x00000308      0x128 ./Drivers/STM32G4xx_HAL_Driver/Src/stm32g4xx_hal_cortex.o
 .debug_aranges
                0x00000430       0x58 ./Drivers/STM32G4xx_HAL_Driver/Src/stm32g4xx_hal_gpio.o
 .debug_aranges
                0x00000488      0x140 ./Drivers/STM32G4xx_HAL_Driver/Src/stm32g4xx_hal_pwr_ex.o
 .debug_aranges
                0x000005c8       0x98 ./Drivers/STM32G4xx_HAL_Driver/Src/stm32g4xx_hal_rcc.o
 .debug_aranges
                0x00000660       0xb0 ./Drivers/STM32G4xx_HAL_Driver/Src/stm32g4xx_hal_rcc_ex.o
 .debug_aranges
                0x00000710      0x3e0 ./Drivers/STM32G4xx_HAL_Driver/Src/stm32g4xx_hal_tim.o
 .debug_aranges
                0x00000af0      0x240 ./Drivers/STM32G4xx_HAL_Driver/Src/stm32g4xx_hal_tim_ex.o
 .debug_aranges
                0x00000d30      0x248 ./Drivers/STM32G4xx_HAL_Driver/Src/stm32g4xx_hal_uart.o
 .debug_aranges
                0x00000f78       0xa8 ./Drivers/STM32G4xx_HAL_Driver/Src/stm32g4xx_hal_uart_ex.o
 .debug_aranges
                0x00001020       0x20 ../Middlewares/Third_Party/ARM_CMSIS/CMSIS/DSP/Lib/GCC\libarm_cortexM4lf_math.a(arm_sin_f32.o)
 .debug_aranges
                0x00001040       0x18 ../Middlewares/Third_Party/ARM_CMSIS/CMSIS/DSP/Lib/GCC\libarm_cortexM4lf_math.a(arm_common_tables.o)

.debug_rnglists
                0x00000000      0xc98
 .debug_rnglists
                0x00000000       0x14 ./Core/Src/gpio.o
 .debug_rnglists
                0x00000014       0x2e ./Core/Src/main.o
 .debug_rnglists
                0x00000042       0x13 ./Core/Src/stm32g4xx_hal_msp.o
 .debug_rnglists
                0x00000055       0x49 ./Core/Src/stm32g4xx_it.o
 .debug_rnglists
                0x0000009e       0x1a ./Core/Src/system_stm32g4xx.o
 .debug_rnglists
                0x000000b8       0x41 ./Core/Src/tim.o
 .debug_rnglists
                0x000000f9       0x21 ./Core/Src/usart.o
 .debug_rnglists
                0x0000011a       0x19 ./Core/Startup/startup_stm32g474retx.o
 .debug_rnglists
                0x00000133       0xf1 ./Drivers/STM32G4xx_HAL_Driver/Src/stm32g4xx_hal.o
 .debug_rnglists
                0x00000224       0xda ./Drivers/STM32G4xx_HAL_Driver/Src/stm32g4xx_hal_cortex.o
 .debug_rnglists
                0x000002fe       0x3f ./Drivers/STM32G4xx_HAL_Driver/Src/stm32g4xx_hal_gpio.o
 .debug_rnglists
                0x0000033d       0xf1 ./Drivers/STM32G4xx_HAL_Driver/Src/stm32g4xx_hal_pwr_ex.o
 .debug_rnglists
                0x0000042e       0x74 ./Drivers/STM32G4xx_HAL_Driver/Src/stm32g4xx_hal_rcc.o
 .debug_rnglists
                0x000004a2       0x87 ./Drivers/STM32G4xx_HAL_Driver/Src/stm32g4xx_hal_rcc_ex.o
 .debug_rnglists
                0x00000529      0x32d ./Drivers/STM32G4xx_HAL_Driver/Src/stm32g4xx_hal_tim.o
 .debug_rnglists
                0x00000856      0x1cc ./Drivers/STM32G4xx_HAL_Driver/Src/stm32g4xx_hal_tim_ex.o
 .debug_rnglists
                0x00000a22      0x1f7 ./Drivers/STM32G4xx_HAL_Driver/Src/stm32g4xx_hal_uart.o
 .debug_rnglists
                0x00000c19       0x7f ./Drivers/STM32G4xx_HAL_Driver/Src/stm32g4xx_hal_uart_ex.o

.debug_macro    0x00000000    0x26cfc
 .debug_macro   0x00000000      0x1e7 ./Core/Src/gpio.o
 .debug_macro   0x000001e7      0xad8 ./Core/Src/gpio.o
 .debug_macro   0x00000cbf      0x15b ./Core/Src/gpio.o
 .debug_macro   0x00000e1a       0x2e ./Core/Src/gpio.o
 .debug_macro   0x00000e48       0x28 ./Core/Src/gpio.o
 .debug_macro   0x00000e70       0x22 ./Core/Src/gpio.o
 .debug_macro   0x00000e92       0x8e ./Core/Src/gpio.o
 .debug_macro   0x00000f20       0x51 ./Core/Src/gpio.o
 .debug_macro   0x00000f71      0x103 ./Core/Src/gpio.o
 .debug_macro   0x00001074       0x6a ./Core/Src/gpio.o
 .debug_macro   0x000010de      0x1df ./Core/Src/gpio.o
 .debug_macro   0x000012bd       0x1c ./Core/Src/gpio.o
 .debug_macro   0x000012d9       0x22 ./Core/Src/gpio.o
 .debug_macro   0x000012fb       0xfb ./Core/Src/gpio.o
 .debug_macro   0x000013f6     0x1011 ./Core/Src/gpio.o
 .debug_macro   0x00002407      0x11f ./Core/Src/gpio.o
 .debug_macro   0x00002526    0x18b8c ./Core/Src/gpio.o
 .debug_macro   0x0001b0b2       0x6d ./Core/Src/gpio.o
 .debug_macro   0x0001b11f     0x3558 ./Core/Src/gpio.o
 .debug_macro   0x0001e677      0x190 ./Core/Src/gpio.o
 .debug_macro   0x0001e807       0x5c ./Core/Src/gpio.o
 .debug_macro   0x0001e863     0x171f ./Core/Src/gpio.o
 .debug_macro   0x0001ff82      0x600 ./Core/Src/gpio.o
 .debug_macro   0x00020582      0x1b6 ./Core/Src/gpio.o
 .debug_macro   0x00020738      0x34a ./Core/Src/gpio.o
 .debug_macro   0x00020a82      0x53c ./Core/Src/gpio.o
 .debug_macro   0x00020fbe      0x18b ./Core/Src/gpio.o
 .debug_macro   0x00021149       0x43 ./Core/Src/gpio.o
 .debug_macro   0x0002118c      0x23d ./Core/Src/gpio.o
 .debug_macro   0x000213c9      0x211 ./Core/Src/gpio.o
 .debug_macro   0x000215da      0x45c ./Core/Src/gpio.o
 .debug_macro   0x00021a36      0x11c ./Core/Src/gpio.o
 .debug_macro   0x00021b52      0x122 ./Core/Src/gpio.o
 .debug_macro   0x00021c74      0x3d1 ./Core/Src/gpio.o
 .debug_macro   0x00022045      0xc0b ./Core/Src/gpio.o
 .debug_macro   0x00022c50      0x718 ./Core/Src/gpio.o
 .debug_macro   0x00023368      0x693 ./Core/Src/gpio.o
 .debug_macro   0x000239fb       0xa6 ./Core/Src/gpio.o
 .debug_macro   0x00023aa1      0x358 ./Core/Src/gpio.o
 .debug_macro   0x00023df9       0x70 ./Core/Src/gpio.o
 .debug_macro   0x00023e69      0x33e ./Core/Src/main.o
 .debug_macro   0x000241a7       0x61 ./Core/Src/main.o
 .debug_macro   0x00024208       0x2a ./Core/Src/main.o
 .debug_macro   0x00024232       0x43 ./Core/Src/main.o
 .debug_macro   0x00024275       0x34 ./Core/Src/main.o
 .debug_macro   0x000242a9      0x370 ./Core/Src/main.o
 .debug_macro   0x00024619       0x16 ./Core/Src/main.o
 .debug_macro   0x0002462f       0x4a ./Core/Src/main.o
 .debug_macro   0x00024679       0x34 ./Core/Src/main.o
 .debug_macro   0x000246ad       0x10 ./Core/Src/main.o
 .debug_macro   0x000246bd       0x58 ./Core/Src/main.o
 .debug_macro   0x00024715       0x8e ./Core/Src/main.o
 .debug_macro   0x000247a3       0x1c ./Core/Src/main.o
 .debug_macro   0x000247bf      0x185 ./Core/Src/main.o
 .debug_macro   0x00024944       0x10 ./Core/Src/main.o
 .debug_macro   0x00024954       0x3c ./Core/Src/main.o
 .debug_macro   0x00024990       0x20 ./Core/Src/main.o
 .debug_macro   0x000249b0      0x19b ./Core/Src/main.o
 .debug_macro   0x00024b4b      0x201 ./Core/Src/main.o
 .debug_macro   0x00024d4c       0x7c ./Core/Src/main.o
 .debug_macro   0x00024dc8       0x17 ./Core/Src/main.o
 .debug_macro   0x00024ddf      0x118 ./Core/Src/main.o
 .debug_macro   0x00024ef7      0x169 ./Core/Src/main.o
 .debug_macro   0x00025060      0x1dd ./Core/Src/stm32g4xx_hal_msp.o
 .debug_macro   0x0002523d      0x1e7 ./Core/Src/stm32g4xx_it.o
 .debug_macro   0x00025424      0x1ce ./Core/Src/system_stm32g4xx.o
 .debug_macro   0x000255f2      0x1e7 ./Core/Src/tim.o
 .debug_macro   0x000257d9      0x1e7 ./Core/Src/usart.o
 .debug_macro   0x000259c0      0x21c ./Drivers/STM32G4xx_HAL_Driver/Src/stm32g4xx_hal.o
 .debug_macro   0x00025bdc      0x1ce ./Drivers/STM32G4xx_HAL_Driver/Src/stm32g4xx_hal_cortex.o
 .debug_macro   0x00025daa      0x1d5 ./Drivers/STM32G4xx_HAL_Driver/Src/stm32g4xx_hal_gpio.o
 .debug_macro   0x00025f7f      0x1f8 ./Drivers/STM32G4xx_HAL_Driver/Src/stm32g4xx_hal_pwr_ex.o
 .debug_macro   0x00026177      0x210 ./Drivers/STM32G4xx_HAL_Driver/Src/stm32g4xx_hal_rcc.o
 .debug_macro   0x00026387      0x1f8 ./Drivers/STM32G4xx_HAL_Driver/Src/stm32g4xx_hal_rcc_ex.o
 .debug_macro   0x0002657f      0x1d6 ./Drivers/STM32G4xx_HAL_Driver/Src/stm32g4xx_hal_tim.o
 .debug_macro   0x00026755      0x1d4 ./Drivers/STM32G4xx_HAL_Driver/Src/stm32g4xx_hal_tim_ex.o
 .debug_macro   0x00026929      0x1f9 ./Drivers/STM32G4xx_HAL_Driver/Src/stm32g4xx_hal_uart.o
 .debug_macro   0x00026b22      0x1da ./Drivers/STM32G4xx_HAL_Driver/Src/stm32g4xx_hal_uart_ex.o

.debug_line     0x00000000    0x144f1
 .debug_line    0x00000000      0x846 ./Core/Src/gpio.o
 .debug_line    0x00000846      0xc17 ./Core/Src/main.o
 .debug_line    0x0000145d      0x819 ./Core/Src/stm32g4xx_hal_msp.o
 .debug_line    0x00001c76      0x8df ./Core/Src/stm32g4xx_it.o
 .debug_line    0x00002555      0x885 ./Core/Src/system_stm32g4xx.o
 .debug_line    0x00002dda      0xa15 ./Core/Src/tim.o
 .debug_line    0x000037ef      0x8cb ./Core/Src/usart.o
 .debug_line    0x000040ba       0x7b ./Core/Startup/startup_stm32g474retx.o
 .debug_line    0x00004135      0xc51 ./Drivers/STM32G4xx_HAL_Driver/Src/stm32g4xx_hal.o
 .debug_line    0x00004d86      0xdb6 ./Drivers/STM32G4xx_HAL_Driver/Src/stm32g4xx_hal_cortex.o
 .debug_line    0x00005b3c      0xc3d ./Drivers/STM32G4xx_HAL_Driver/Src/stm32g4xx_hal_gpio.o
 .debug_line    0x00006779      0xdb0 ./Drivers/STM32G4xx_HAL_Driver/Src/stm32g4xx_hal_pwr_ex.o
 .debug_line    0x00007529     0x10d4 ./Drivers/STM32G4xx_HAL_Driver/Src/stm32g4xx_hal_rcc.o
 .debug_line    0x000085fd     0x134a ./Drivers/STM32G4xx_HAL_Driver/Src/stm32g4xx_hal_rcc_ex.o
 .debug_line    0x00009947     0x419e ./Drivers/STM32G4xx_HAL_Driver/Src/stm32g4xx_hal_tim.o
 .debug_line    0x0000dae5     0x2158 ./Drivers/STM32G4xx_HAL_Driver/Src/stm32g4xx_hal_tim_ex.o
 .debug_line    0x0000fc3d     0x36b3 ./Drivers/STM32G4xx_HAL_Driver/Src/stm32g4xx_hal_uart.o
 .debug_line    0x000132f0      0xd86 ./Drivers/STM32G4xx_HAL_Driver/Src/stm32g4xx_hal_uart_ex.o
 .debug_line    0x00014076      0x284 ../Middlewares/Third_Party/ARM_CMSIS/CMSIS/DSP/Lib/GCC\libarm_cortexM4lf_math.a(arm_sin_f32.o)
 .debug_line    0x000142fa      0x1f7 ../Middlewares/Third_Party/ARM_CMSIS/CMSIS/DSP/Lib/GCC\libarm_cortexM4lf_math.a(arm_common_tables.o)

.debug_str      0x00000000    0xfdadf
 .debug_str     0x00000000    0xfdadf ./Core/Src/gpio.o
                              0xf2f28 (size before relaxing)
 .debug_str     0x000fdadf        0x0 ./Core/Src/main.o
                              0xf83da (size before relaxing)
 .debug_str     0x000fdadf        0x0 ./Core/Src/stm32g4xx_hal_msp.o
                              0xf2e6c (size before relaxing)
 .debug_str     0x000fdadf        0x0 ./Core/Src/stm32g4xx_it.o
                              0xf33c6 (size before relaxing)
 .debug_str     0x000fdadf        0x0 ./Core/Src/system_stm32g4xx.o
                              0xf2d24 (size before relaxing)
 .debug_str     0x000fdadf        0x0 ./Core/Src/tim.o
                              0xf3eb7 (size before relaxing)
 .debug_str     0x000fdadf        0x0 ./Core/Src/usart.o
                              0xf3705 (size before relaxing)
 .debug_str     0x000fdadf        0x0 ./Core/Startup/startup_stm32g474retx.o
                                 0x5e (size before relaxing)
 .debug_str     0x000fdadf        0x0 ./Drivers/STM32G4xx_HAL_Driver/Src/stm32g4xx_hal.o
                              0xf3a36 (size before relaxing)
 .debug_str     0x000fdadf        0x0 ./Drivers/STM32G4xx_HAL_Driver/Src/stm32g4xx_hal_cortex.o
                              0xf36f2 (size before relaxing)
 .debug_str     0x000fdadf        0x0 ./Drivers/STM32G4xx_HAL_Driver/Src/stm32g4xx_hal_gpio.o
                              0xf2eaf (size before relaxing)
 .debug_str     0x000fdadf        0x0 ./Drivers/STM32G4xx_HAL_Driver/Src/stm32g4xx_hal_pwr_ex.o
                              0xf3212 (size before relaxing)
 .debug_str     0x000fdadf        0x0 ./Drivers/STM32G4xx_HAL_Driver/Src/stm32g4xx_hal_rcc.o
                              0xf3443 (size before relaxing)
 .debug_str     0x000fdadf        0x0 ./Drivers/STM32G4xx_HAL_Driver/Src/stm32g4xx_hal_rcc_ex.o
                              0xf346d (size before relaxing)
 .debug_str     0x000fdadf        0x0 ./Drivers/STM32G4xx_HAL_Driver/Src/stm32g4xx_hal_tim.o
                              0xf4222 (size before relaxing)
 .debug_str     0x000fdadf        0x0 ./Drivers/STM32G4xx_HAL_Driver/Src/stm32g4xx_hal_tim_ex.o
                              0xf3e96 (size before relaxing)
 .debug_str     0x000fdadf        0x0 ./Drivers/STM32G4xx_HAL_Driver/Src/stm32g4xx_hal_uart.o
                              0xf3cdf (size before relaxing)
 .debug_str     0x000fdadf        0x0 ./Drivers/STM32G4xx_HAL_Driver/Src/stm32g4xx_hal_uart_ex.o
                              0xf34dd (size before relaxing)
 .debug_str     0x000fdadf        0x0 ../Middlewares/Third_Party/ARM_CMSIS/CMSIS/DSP/Lib/GCC\libarm_cortexM4lf_math.a(arm_sin_f32.o)
                                0xfb7 (size before relaxing)
 .debug_str     0x000fdadf        0x0 ../Middlewares/Third_Party/ARM_CMSIS/CMSIS/DSP/Lib/GCC\libarm_cortexM4lf_math.a(arm_common_tables.o)
                                0xf92 (size before relaxing)

.comment        0x00000000       0xbc
 .comment       0x00000000       0xbc ./Core/Src/gpio.o
                                 0x44 (size before relaxing)
 .comment       0x000000bc        0x0 ./Core/Src/main.o
                                 0x44 (size before relaxing)
 .comment       0x000000bc        0x0 ./Core/Src/stm32g4xx_hal_msp.o
                                 0x44 (size before relaxing)
 .comment       0x000000bc        0x0 ./Core/Src/stm32g4xx_it.o
                                 0x44 (size before relaxing)
 .comment       0x000000bc        0x0 ./Core/Src/system_stm32g4xx.o
                                 0x44 (size before relaxing)
 .comment       0x000000bc        0x0 ./Core/Src/tim.o
                                 0x44 (size before relaxing)
 .comment       0x000000bc        0x0 ./Core/Src/usart.o
                                 0x44 (size before relaxing)
 .comment       0x000000bc        0x0 ./Drivers/STM32G4xx_HAL_Driver/Src/stm32g4xx_hal.o
                                 0x44 (size before relaxing)
 .comment       0x000000bc        0x0 ./Drivers/STM32G4xx_HAL_Driver/Src/stm32g4xx_hal_cortex.o
                                 0x44 (size before relaxing)
 .comment       0x000000bc        0x0 ./Drivers/STM32G4xx_HAL_Driver/Src/stm32g4xx_hal_gpio.o
                                 0x44 (size before relaxing)
 .comment       0x000000bc        0x0 ./Drivers/STM32G4xx_HAL_Driver/Src/stm32g4xx_hal_pwr_ex.o
                                 0x44 (size before relaxing)
 .comment       0x000000bc        0x0 ./Drivers/STM32G4xx_HAL_Driver/Src/stm32g4xx_hal_rcc.o
                                 0x44 (size before relaxing)
 .comment       0x000000bc        0x0 ./Drivers/STM32G4xx_HAL_Driver/Src/stm32g4xx_hal_rcc_ex.o
                                 0x44 (size before relaxing)
 .comment       0x000000bc        0x0 ./Drivers/STM32G4xx_HAL_Driver/Src/stm32g4xx_hal_tim.o
                                 0x44 (size before relaxing)
 .comment       0x000000bc        0x0 ./Drivers/STM32G4xx_HAL_Driver/Src/stm32g4xx_hal_tim_ex.o
                                 0x44 (size before relaxing)
 .comment       0x000000bc        0x0 ./Drivers/STM32G4xx_HAL_Driver/Src/stm32g4xx_hal_uart.o
                                 0x44 (size before relaxing)
 .comment       0x000000bc        0x0 ./Drivers/STM32G4xx_HAL_Driver/Src/stm32g4xx_hal_uart_ex.o
                                 0x44 (size before relaxing)
 .comment       0x000000bc        0x0 ../Middlewares/Third_Party/ARM_CMSIS/CMSIS/DSP/Lib/GCC\libarm_cortexM4lf_math.a(arm_sin_f32.o)
                                 0x7a (size before relaxing)
 .comment       0x000000bc        0x0 ../Middlewares/Third_Party/ARM_CMSIS/CMSIS/DSP/Lib/GCC\libarm_cortexM4lf_math.a(arm_common_tables.o)
                                 0x7a (size before relaxing)

.debug_frame    0x00000000     0x4408
 .debug_frame   0x00000000       0x34 ./Core/Src/gpio.o
 .debug_frame   0x00000034       0xb8 ./Core/Src/main.o
 .debug_frame   0x000000ec       0x34 ./Core/Src/stm32g4xx_hal_msp.o
 .debug_frame   0x00000120      0x120 ./Core/Src/stm32g4xx_it.o
 .debug_frame   0x00000240       0x58 ./Core/Src/system_stm32g4xx.o
 .debug_frame   0x00000298      0x130 ./Core/Src/tim.o
 .debug_frame   0x000003c8       0x78 ./Core/Src/usart.o
 .debug_frame   0x00000440      0x500 ./Drivers/STM32G4xx_HAL_Driver/Src/stm32g4xx_hal.o
 .debug_frame   0x00000940      0x4e8 ./Drivers/STM32G4xx_HAL_Driver/Src/stm32g4xx_hal_cortex.o
 .debug_frame   0x00000e28      0x14c ./Drivers/STM32G4xx_HAL_Driver/Src/stm32g4xx_hal_gpio.o
 .debug_frame   0x00000f74      0x4fc ./Drivers/STM32G4xx_HAL_Driver/Src/stm32g4xx_hal_pwr_ex.o
 .debug_frame   0x00001470      0x23c ./Drivers/STM32G4xx_HAL_Driver/Src/stm32g4xx_hal_rcc.o
 .debug_frame   0x000016ac      0x2ac ./Drivers/STM32G4xx_HAL_Driver/Src/stm32g4xx_hal_rcc_ex.o
 .debug_frame   0x00001958     0x1220 ./Drivers/STM32G4xx_HAL_Driver/Src/stm32g4xx_hal_tim.o
 .debug_frame   0x00002b78      0xa70 ./Drivers/STM32G4xx_HAL_Driver/Src/stm32g4xx_hal_tim_ex.o
 .debug_frame   0x000035e8      0xa94 ./Drivers/STM32G4xx_HAL_Driver/Src/stm32g4xx_hal_uart.o
 .debug_frame   0x0000407c      0x2c0 ./Drivers/STM32G4xx_HAL_Driver/Src/stm32g4xx_hal_uart_ex.o
 .debug_frame   0x0000433c       0x20 ../Middlewares/Third_Party/ARM_CMSIS/CMSIS/DSP/Lib/GCC\libarm_cortexM4lf_math.a(arm_sin_f32.o)
 .debug_frame   0x0000435c       0x20 D:/Korn/STM32/CubeIDE_Main/STM32CubeIDE_2.0.0/STM32CubeIDE/plugins/com.st.stm32cube.ide.mcu.externaltools.gnu-tools-for-stm32.13.3.rel1.win32_1.0.100.202509120712/tools/bin/../lib/gcc/arm-none-eabi/13.3.1/../../../../arm-none-eabi/lib/thumb/v7e-m+fp/hard\libc_nano.a(libc_a-memset.o)
 .debug_frame   0x0000437c       0x2c D:/Korn/STM32/CubeIDE_Main/STM32CubeIDE_2.0.0/STM32CubeIDE/plugins/com.st.stm32cube.ide.mcu.externaltools.gnu-tools-for-stm32.13.3.rel1.win32_1.0.100.202509120712/tools/bin/../lib/gcc/arm-none-eabi/13.3.1/../../../../arm-none-eabi/lib/thumb/v7e-m+fp/hard\libc_nano.a(libc_a-init.o)
 .debug_frame   0x000043a8       0x2c D:/Korn/STM32/CubeIDE_Main/STM32CubeIDE_2.0.0/STM32CubeIDE/plugins/com.st.stm32cube.ide.mcu.externaltools.gnu-tools-for-stm32.13.3.rel1.win32_1.0.100.202509120712/tools/bin/../lib/gcc/arm-none-eabi/13.3.1/thumb/v7e-m+fp/hard\libgcc.a(_aeabi_uldivmod.o)
 .debug_frame   0x000043d4       0x34 D:/Korn/STM32/CubeIDE_Main/STM32CubeIDE_2.0.0/STM32CubeIDE/plugins/com.st.stm32cube.ide.mcu.externaltools.gnu-tools-for-stm32.13.3.rel1.win32_1.0.100.202509120712/tools/bin/../lib/gcc/arm-none-eabi/13.3.1/thumb/v7e-m+fp/hard\libgcc.a(_udivmoddi4.o)

.debug_line_str
                0x00000000       0x42
 .debug_line_str
                0x00000000       0x42 ./Core/Startup/startup_stm32g474retx.o

.debug_loc      0x00000000       0xfa
 .debug_loc     0x00000000       0xfa ../Middlewares/Third_Party/ARM_CMSIS/CMSIS/DSP/Lib/GCC\libarm_cortexM4lf_math.a(arm_sin_f32.o)

.debug_ranges   0x00000000       0x10
 .debug_ranges  0x00000000       0x10 ../Middlewares/Third_Party/ARM_CMSIS/CMSIS/DSP/Lib/GCC\libarm_cortexM4lf_math.a(arm_sin_f32.o)
